python : Traceback (most 
recent call last):
At line:1 char:1
+ python -c "import 
asyncio; from server import 
init_server; asyncio.ru ...
+ ~~~~~~~~~~~~~~~~~~~~~~~~~~
~~~~~~~~~~~~~~~~~~~~~~~~~~~~
~~~~~~~~~~~~~~~
    + CategoryInfo          
    : NotSpecified: (Trace  
  back (most recent call    
 last)::String) [], Remo    
teException
    + FullyQualifiedErrorId 
    : NativeCommandError
 
  File "D:\BACKEND-FASTAPI\c
onfig\database.py", line 
19, in <module>
    print("\U0001f418 
PostgreSQL Database Engine 
Initialized")
  File "C:\Users\anilg\AppDa
ta\Local\Programs\Python\Pyt
hon311\Lib\encodings\cp1252.
py", line 19, in encode
    return codecs.charmap_en
code(input,self.errors,encod
ing_table)[0]
           ^^^^^^^^^^^^^^^^^
^^^^^^^^^^^^^^^^^^^^^^^^^^^^
^^^^^^^^^^
UnicodeEncodeError: 
'charmap' codec can't 
encode character 
'\U0001f418' in position 0: 
character maps to 
<undefined>

During handling of the 
above exception, another 
exception occurred:

Traceback (most recent call 
last):
  File "<string>", line 1, 
in <module>
  File "D:\BACKEND-FASTAPI\s
erver.py", line 13, in 
<module>
    from config.database 
import Base, engine, get_db
  File "D:\BACKEND-FASTAPI\c
onfig\database.py", line 
21, in <module>
    print(f"\u274c Failed 
to initialize PostgreSQL 
engine: {e}")
  File "C:\Users\anilg\AppDa
ta\Local\Programs\Python\Pyt
hon311\Lib\encodings\cp1252.
py", line 19, in encode
    return codecs.charmap_en
code(input,self.errors,encod
ing_table)[0]
           ^^^^^^^^^^^^^^^^^
^^^^^^^^^^^^^^^^^^^^^^^^^^^^
^^^^^^^^^^
UnicodeEncodeError: 
'charmap' codec can't 
encode character '\u274c' 
in position 0: character 
maps to <undefined>
